// Jest Snapshot v1, https://goo.gl/fbAQLP

exports[`Dashboard Snapshots should match the initial snapshot 1`] = `
<Dashboard
  data={
    Array [
      Object {
        "address1": "201 Waterfront St",
        "attire": "business casual",
        "city": "Oxon Hill",
        "genre": "Steak,American,Contemporary,Seafood,Cafe",
        "hours": "Open Daily 5:30 PM-10:00 PM",
        "id": "f223fdd0-4adc-423e-9747-980a66c256ca",
        "lat": "38.782098",
        "long": "-77.017492",
        "name": "Old Hickory Steakhouse",
        "state": "MD",
        "tags": "Social,Food and Dining,Restaurants,Steakhouses",
        "telephone": "(301) 965-4000",
        "website": "http://www.gaylordnational.com",
        "zip": "20745",
      },
      Object {
        "address1": "303 E Main St",
        "attire": "business casual",
        "city": "Aspen",
        "genre": "Japanese,Sushi,Asian,Contemporary,Seafood",
        "hours": "Open Daily 5:30 PM-9:00 PM",
        "id": "00b35e1a-82b1-4988-b8b9-6df826db2818",
        "lat": "39.190723",
        "long": "-106.82031",
        "name": "Matsuhisa",
        "state": "CO",
        "tags": "Social,Food and Dining,Restaurants,Japanese,Social,Food and Dining,Restaurants,Sushi",
        "telephone": "(970) 544-6628",
        "website": "http://www.matsuhisaaspen.com",
        "zip": "81611",
      },
      Object {
        "address1": "108 3rd St NE",
        "attire": "business casual",
        "city": "Charlottesville",
        "genre": "French,European,Cafe,Continental,American",
        "hours": "Mon-Thu 5:30 PM-9:00 PM; Fri-Sat 5:30 PM-10:00 PM",
        "id": "0f41a3d0-0641-4eef-b7fd-706f083cf0d5",
        "lat": "38.030526",
        "long": "-78.479785",
        "name": "Fleurie Restaurant",
        "state": "VA",
        "tags": "Social,Food and Dining,Restaurants,French",
        "telephone": "(434) 971-7800",
        "website": "http://www.fleurierestaurant.com",
        "zip": "22902",
      },
      Object {
        "address1": "500 Crescent Ct",
        "attire": "business casual",
        "city": "Dallas",
        "genre": "Steak,American",
        "hours": "Mon-Thu 11:00 AM-10:00 PM; Fri 11:00 AM-11:00 PM; Sat 5:00 PM-11:00 PM; Sun 5:00 PM-9:00 PM",
        "id": "0b4bfe46-3e60-4de4-82ba-2dd8e5d46b56",
        "lat": "32.794749",
        "long": "-96.804099",
        "name": "The Capital Grille",
        "state": "TX",
        "tags": "Social,Food and Dining,Restaurants,Steakhouses,Social,Food and Dining,Restaurants,American",
        "telephone": "(214) 303-0500",
        "website": "http://www.thecapitalgrille.com",
        "zip": "75201",
      },
    ]
  }
  genreFilterKeys={
    Array [
      "American",
      "Seafood",
    ]
  }
  headerMeta={
    Array [
      Object {
        "key": "name",
        "text": "Resturant Name",
      },
      Object {
        "key": "city",
        "text": "CITY",
      },
      Object {
        "key": "state",
        "text": "STATE",
      },
      Object {
        "key": "telephone",
        "text": "TELEPHONE",
      },
      Object {
        "key": "genre",
        "text": "GENRE",
      },
    ]
  }
>
  <div
    className="main"
  >
    <div
      className="table-container"
    >
      <Table
        headerMeta={
          Array [
            Object {
              "key": "name",
              "text": "Resturant Name",
            },
            Object {
              "key": "city",
              "text": "CITY",
            },
            Object {
              "key": "state",
              "text": "STATE",
            },
            Object {
              "key": "telephone",
              "text": "TELEPHONE",
            },
            Object {
              "key": "genre",
              "text": "GENRE",
            },
          ]
        }
        tableData={
          Array [
            Object {
              "address1": "201 Waterfront St",
              "attire": "business casual",
              "city": "Oxon Hill",
              "genre": "Steak,American,Contemporary,Seafood,Cafe",
              "hours": "Open Daily 5:30 PM-10:00 PM",
              "id": "f223fdd0-4adc-423e-9747-980a66c256ca",
              "lat": "38.782098",
              "long": "-77.017492",
              "name": "Old Hickory Steakhouse",
              "state": "MD",
              "tags": "Social,Food and Dining,Restaurants,Steakhouses",
              "telephone": "(301) 965-4000",
              "website": "http://www.gaylordnational.com",
              "zip": "20745",
            },
            Object {
              "address1": "303 E Main St",
              "attire": "business casual",
              "city": "Aspen",
              "genre": "Japanese,Sushi,Asian,Contemporary,Seafood",
              "hours": "Open Daily 5:30 PM-9:00 PM",
              "id": "00b35e1a-82b1-4988-b8b9-6df826db2818",
              "lat": "39.190723",
              "long": "-106.82031",
              "name": "Matsuhisa",
              "state": "CO",
              "tags": "Social,Food and Dining,Restaurants,Japanese,Social,Food and Dining,Restaurants,Sushi",
              "telephone": "(970) 544-6628",
              "website": "http://www.matsuhisaaspen.com",
              "zip": "81611",
            },
            Object {
              "address1": "108 3rd St NE",
              "attire": "business casual",
              "city": "Charlottesville",
              "genre": "French,European,Cafe,Continental,American",
              "hours": "Mon-Thu 5:30 PM-9:00 PM; Fri-Sat 5:30 PM-10:00 PM",
              "id": "0f41a3d0-0641-4eef-b7fd-706f083cf0d5",
              "lat": "38.030526",
              "long": "-78.479785",
              "name": "Fleurie Restaurant",
              "state": "VA",
              "tags": "Social,Food and Dining,Restaurants,French",
              "telephone": "(434) 971-7800",
              "website": "http://www.fleurierestaurant.com",
              "zip": "22902",
            },
            Object {
              "address1": "500 Crescent Ct",
              "attire": "business casual",
              "city": "Dallas",
              "genre": "Steak,American",
              "hours": "Mon-Thu 11:00 AM-10:00 PM; Fri 11:00 AM-11:00 PM; Sat 5:00 PM-11:00 PM; Sun 5:00 PM-9:00 PM",
              "id": "0b4bfe46-3e60-4de4-82ba-2dd8e5d46b56",
              "lat": "32.794749",
              "long": "-96.804099",
              "name": "The Capital Grille",
              "state": "TX",
              "tags": "Social,Food and Dining,Restaurants,Steakhouses,Social,Food and Dining,Restaurants,American",
              "telephone": "(214) 303-0500",
              "website": "http://www.thecapitalgrille.com",
              "zip": "75201",
            },
          ]
        }
      >
        <table
          className="container"
          id="resturants"
        >
          <tbody>
            <tr
              className="table-row"
            >
              <th
                key="name"
              >
                Resturant Name
              </th>
              <th
                key="city"
              >
                CITY
              </th>
              <th
                key="state"
              >
                STATE
              </th>
              <th
                key="telephone"
              >
                TELEPHONE
              </th>
              <th
                key="genre"
              >
                GENRE
              </th>
            </tr>
            <tr
              className="table-row"
              key="f223fdd0-4adc-423e-9747-980a66c256ca"
            >
              <td
                className="table-cell"
              >
                Old Hickory Steakhouse
              </td>
              <td
                className="table-cell"
              >
                Oxon Hill
              </td>
              <td
                className="table-cell"
              >
                MD
              </td>
              <td
                className="table-cell"
              >
                (301) 965-4000
              </td>
              <td
                className="table-cell"
              >
                Steak,American,Contemporary,Seafood,Cafe
              </td>
            </tr>
            <tr
              className="table-row"
              key="00b35e1a-82b1-4988-b8b9-6df826db2818"
            >
              <td
                className="table-cell"
              >
                Matsuhisa
              </td>
              <td
                className="table-cell"
              >
                Aspen
              </td>
              <td
                className="table-cell"
              >
                CO
              </td>
              <td
                className="table-cell"
              >
                (970) 544-6628
              </td>
              <td
                className="table-cell"
              >
                Japanese,Sushi,Asian,Contemporary,Seafood
              </td>
            </tr>
            <tr
              className="table-row"
              key="0f41a3d0-0641-4eef-b7fd-706f083cf0d5"
            >
              <td
                className="table-cell"
              >
                Fleurie Restaurant
              </td>
              <td
                className="table-cell"
              >
                Charlottesville
              </td>
              <td
                className="table-cell"
              >
                VA
              </td>
              <td
                className="table-cell"
              >
                (434) 971-7800
              </td>
              <td
                className="table-cell"
              >
                French,European,Cafe,Continental,American
              </td>
            </tr>
            <tr
              className="table-row"
              key="0b4bfe46-3e60-4de4-82ba-2dd8e5d46b56"
            >
              <td
                className="table-cell"
              >
                The Capital Grille
              </td>
              <td
                className="table-cell"
              >
                Dallas
              </td>
              <td
                className="table-cell"
              >
                TX
              </td>
              <td
                className="table-cell"
              >
                (214) 303-0500
              </td>
              <td
                className="table-cell"
              >
                Steak,American
              </td>
            </tr>
          </tbody>
        </table>
      </Table>
    </div>
  </div>
</Dashboard>
`;
