// Jest Snapshot v1, https://goo.gl/fbAQLP

exports[`renders learn react link 1`] = `
<App>
  <div
    className="App"
  >
    <Dashboard
      data={Array []}
      headerMeta={
        Array [
          Object {
            "key": "name",
            "text": "Resturant Name",
          },
          Object {
            "key": "city",
            "text": "CITY",
          },
          Object {
            "key": "state",
            "text": "STATE",
          },
          Object {
            "key": "telephone",
            "text": "TELEPHONE",
          },
          Object {
            "key": "genre",
            "text": "GENRE",
          },
        ]
      }
    >
      <div
        className="main"
      >
        <div
          className="search-container"
        >
          <SearchBar
            handleSearchChange={[Function]}
          >
            <form
              onSubmit={[Function]}
            >
              <label
                htmlFor="search"
              >
                 SEARCH 
              </label>
              <input
                className="search"
                id="search"
                onChange={[Function]}
                placeholder="Search"
                type="text"
                value=""
              />
              <button
                className="submit-search"
                type="submit"
                value="Submit"
              >
                Submit
              </button>
              <button
                className="clear-search"
                onClick={[Function]}
                type="reset"
              >
                Clear Search
              </button>
            </form>
          </SearchBar>
        </div>
        <div
          className="table-container"
        >
          <Table
            headerMeta={
              Array [
                Object {
                  "key": "name",
                  "text": "Resturant Name",
                },
                Object {
                  "key": "city",
                  "text": "CITY",
                },
                Object {
                  "key": "state",
                  "text": "STATE",
                },
                Object {
                  "key": "telephone",
                  "text": "TELEPHONE",
                },
                Object {
                  "key": "genre",
                  "text": "GENRE",
                },
              ]
            }
            tableData={Array []}
          >
            <table
              className="container"
              id="resturants"
            >
              <tbody>
                <TableHeader
                  headers={
                    Array [
                      Object {
                        "key": "name",
                        "text": "Resturant Name",
                      },
                      Object {
                        "key": "city",
                        "text": "CITY",
                      },
                      Object {
                        "key": "state",
                        "text": "STATE",
                      },
                      Object {
                        "key": "telephone",
                        "text": "TELEPHONE",
                      },
                      Object {
                        "key": "genre",
                        "text": "GENRE",
                      },
                    ]
                  }
                >
                  <tr
                    className="table-row"
                  >
                    <th
                      key="name"
                    >
                      Resturant Name
                    </th>
                    <th
                      key="city"
                    >
                      CITY
                    </th>
                    <th
                      key="state"
                    >
                      STATE
                    </th>
                    <th
                      key="telephone"
                    >
                      TELEPHONE
                    </th>
                    <th
                      key="genre"
                    >
                      GENRE
                    </th>
                  </tr>
                </TableHeader>
                <TableBody
                  data={Array []}
                  headerOrder={
                    Array [
                      "name",
                      "city",
                      "state",
                      "telephone",
                      "genre",
                    ]
                  }
                />
              </tbody>
            </table>
          </Table>
        </div>
      </div>
    </Dashboard>
  </div>
</App>
`;
