// Jest Snapshot v1, https://goo.gl/fbAQLP

exports[`renders learn react link 1`] = `
<App>
  <div
    className="App"
  >
    <Dashboard
      data={Array []}
      headerMeta={
        Array [
          Object {
            "key": "name",
            "text": "Resturant Name",
          },
          Object {
            "key": "city",
            "text": "CITY",
          },
          Object {
            "key": "state",
            "text": "STATE",
          },
          Object {
            "key": "telephone",
            "text": "TELEPHONE",
          },
          Object {
            "key": "genre",
            "text": "GENRE",
          },
        ]
      }
    >
      <div
        className="main"
      >
        <div
          className="table-container"
        >
          <Table
            headerMeta={
              Array [
                Object {
                  "key": "name",
                  "text": "Resturant Name",
                },
                Object {
                  "key": "city",
                  "text": "CITY",
                },
                Object {
                  "key": "state",
                  "text": "STATE",
                },
                Object {
                  "key": "telephone",
                  "text": "TELEPHONE",
                },
                Object {
                  "key": "genre",
                  "text": "GENRE",
                },
              ]
            }
            tableData={Array []}
          >
            <table
              className="container"
              id="resturants"
            >
              <tbody>
                <tr
                  className="table-row"
                >
                  <th
                    key="name"
                  >
                    Resturant Name
                  </th>
                  <th
                    key="city"
                  >
                    CITY
                  </th>
                  <th
                    key="state"
                  >
                    STATE
                  </th>
                  <th
                    key="telephone"
                  >
                    TELEPHONE
                  </th>
                  <th
                    key="genre"
                  >
                    GENRE
                  </th>
                </tr>
              </tbody>
            </table>
          </Table>
        </div>
      </div>
    </Dashboard>
  </div>
</App>
`;
